Microsoft (R) Macro Assembler Version 6.11		    02/19/09 18:26:53
test2.asm						     Page 1 - 1


				.386
				.MODEL FLAT

				ExitProcess PROTO NEAR32 stdcall, dwExitCode: DWORD
				INCLUDE io.h
			      C ; IO.H -- header file for I/O macros
			      C ; 32-bit version for flat memory model
			      C ; R. Detmer   last revised 8/2000
			      C .NOLIST     ; turn off listing
			      C .LIST        ; begin listing
			      C 

 = 0000000D			cr	EQU	0dh
 = 0000000A			lr	EQU	0ah

				.STACK 4096

 00000000			.DATA
 00000000 68 65 6C 6C 6F	prompt1	BYTE	"hello",0
	   00

 00000000			.CODE
 00000000			_start:
					output	prompt1
					INVOKE ExitProcess,0
 00000015			PUBLIC _start
				END

Microsoft (R) Macro Assembler Version 6.11		    02/19/09 18:26:53
test2.asm						     Symbols 2 - 1




Macros:

                N a m e                 Type

atod . . . . . . . . . . . . . .	Proc
atoi . . . . . . . . . . . . . .	Proc
dtoa . . . . . . . . . . . . . .	Proc
input  . . . . . . . . . . . . .	Proc
itoa . . . . . . . . . . . . . .	Proc
output . . . . . . . . . . . . .	Proc


Segments and Groups:

                N a m e                 Size     Length   Align   Combine Class

FLAT . . . . . . . . . . . . . .	GROUP
STACK  . . . . . . . . . . . . .	32 Bit	 00001000 DWord	  Stack	  'STACK'	 
_DATA  . . . . . . . . . . . . .	32 Bit	 00000006 DWord	  Public  'DATA'	
_TEXT  . . . . . . . . . . . . .	32 Bit	 00000015 DWord	  Public  'CODE'	


Procedures,  parameters and locals:

                N a m e                 Type     Value    Attr

$$$$$$00001  . . . . . . . . . .	P Near	 00000001 _TEXT	Length= 00000014 Private
ExitProcess  . . . . . . . . . .	P Near	 00000000 FLAT	Length= 00000000 External STDCALL


Symbols:

                N a m e                 Type     Value    Attr

@CodeSize  . . . . . . . . . . .	Number	 00000000h   
@DataSize  . . . . . . . . . . .	Number	 00000000h   
@Interface . . . . . . . . . . .	Number	 00000000h   
@Model . . . . . . . . . . . . .	Number	 00000007h   
@code  . . . . . . . . . . . . .	Text   	 _TEXT
@data  . . . . . . . . . . . . .	Text   	 FLAT
@fardata?  . . . . . . . . . . .	Text   	 FLAT
@fardata . . . . . . . . . . . .	Text   	 FLAT
@stack . . . . . . . . . . . . .	Text   	 FLAT
_start . . . . . . . . . . . . .	L Near	 00000000 _TEXT	Public
atodproc . . . . . . . . . . . .	L Near	 00000000 FLAT	External
atoiproc . . . . . . . . . . . .	L Near	 00000000 FLAT	External
cr . . . . . . . . . . . . . . .	Number	 0000000Dh   
dtoaproc . . . . . . . . . . . .	L Near	 00000000 FLAT	External
inproc . . . . . . . . . . . . .	L Near	 00000000 FLAT	External
itoaproc . . . . . . . . . . . .	L Near	 00000000 FLAT	External
lr . . . . . . . . . . . . . . .	Number	 0000000Ah   
outproc  . . . . . . . . . . . .	L Near	 00000000 FLAT	External
prompt1  . . . . . . . . . . . .	Byte	 00000000 _DATA	

	   0 Warnings
	   0 Errors
